[step 1] (0,0) -> (1,0)
[step 2] (1,0) -> (1,1)
[step 3] (1,1) -> (1,2)
[step 4] (1,2) -> (2,2)
[step 5] (2,2) -> (3,2)
[step 6] (3,2) -> (4,2)
[step 7] (4,2) -> (4,3)
[step 8] (4,3) -> (4,4)
finish
